yiamse
pybcvk
ymvkac
lbrczw
asjitm
siumqd
kqvjti
qokajr
pgukdi
gpnmwv
uymwtq
novsqg
wvnpck
wvqtos
jmboik
sobydr
kjyenb
sveoib
tnvwmg
njmsdr
mwjpvu
rvzmcg
qpdbck
uzgjkm
sipqwk
zedumy
uizgbm
dmpkle
ktqons
uwerto
atsbwd
pwblrm
vdiuyj
ybqaej
pkqmvt
uncekv
uebdzn
lyduow
nylekm
jgnsce
gqywrt
rgkybn
ylvzjr
rdmjyo
rstiev
iemyuo
qowimz
berysu
gswjcr
nebgmt
mvoqjt
agstyu
kgdbsz
lpyiva
aeimkn
acevok
gzqumk
mgucli
onkylr
pqwunt
zqieta
vekjil
avcdrw
ocjwds
crynzd
mderni
sjbklg
ckjdse
gseaou
ycrtkb
idypeu
ueswtz
bocake
lvcoei
dmbkzw
usjpgd
tgckev
ztgyow
glcbiy
rtzkgc
zkbtrj
lczswj
ruspna
nlugzk
egsyil
enaqod
knvpge
zsqjdb
vbepdq
myqzjb
slgomd
swmqye
vwozsg
gkpzuc
wtdegi
kequja
luzbev
jsirgu
kyueag
bkzice
rsgbmu
qzpbin
agmzjl
tnybwl
ozuear
lsntki
qgbokj
jkvwit
msknzo
goucjk
ijvdqa
quolmp
oukcnv
ucevqd
ylqeat
epzcrk
jeackz
urwlpd
dyvtci
ovjkew
ncuogk
uczkwl
udmglr
saymzw
omwpdc
drlmcj
czlgap
scnzmt
eywbul
rjpbsw
gyqwlj
ldtijn
jgvmeq
ysdgme
iegnck
nrlbgo
tagrml
vwbpdt
rtsuad
wjlkry
qylmcp
gvyakl
btlzea
tcimzu
kyuosb
pjrkig
gdktib
gbwkyd
ovbrmd
jcypdv
nptljd
livsyg
pugktc
vzkybw
dqiuma
ojdbaw
cdtauq
vbgzij
dmlguv
dyzeus
sazogv
ycsvqr
olbznk
drmpco
lvgczo
ycozjv
jrdyzw
trkgve
decurz
bnciwg
caqswe
ltybsg
pslmqn
sibcew
kvsqpu
carned
divjep
eqzmdk
jonlug
wgzren
zoinag
kqzwju
qonbyj
nekdoy
klyubn
jrmodb
imuzow
ldjrzq
eugnkt
zoacgm
cuyqjz
cnezti
ymdojv
oqwmiz
rewyno
jvildm
lntwge
krnmqj
rlbopw
wvlisr
zzzzzz
zzzzzz
zzzzzz
zzzzzz
zzzzzz
zzzzzz
zzzzzz
zzzzzz
zzzzzz
zzzzzz
zzzzzz
zzzzzz
zzzzzz
zzzzzz
zzzzzz
zzzzzz
zzzzzz
zzzzzz
zzzzzz
zzzzzz
zzzzzz
zzzzzz
zzzzzz
zzzzzz
zzzzzz
zzzzzz
zzzzzz
zzzzzz
zzzzzz
zzzzzz
zzzzzz
zzzzzz
zzzzzz
zzzzzz
zzzzzz
zzzzzz
zzzzzz
zzzzzz
zzzzzz
zzzzzz
zzzzzz
zzzzzz
zzzzzz
zzzzzz
zzzzzz
zzzzzz
zzzzzz
zzzzzz
zzzzzz
zzzzzz
zzzzzz
zzzzzz
zzzzzz
zzzzzz
zzzzzz
zzzzzz
zzzzzz
zzzzzz
zzzzzz
zzzzzz
zzzzzz
zzzzzz
zzzzzz
zzzzzz
zzzzzz
zzzzzz
zzzzzz
zzzzzz
zzzzzz
zzzzzz
zzzzzz
zzzzzz
zzzzzz
zzzzzz
zzzzzz
zzzzzz
zzzzzz
zzzzzz
zzzzzz
zzzzzz
zzzzzz
zzzzzz
zzzzzz
zzzzzz
zzzzzz
zzzzzz
zzzzzz
zzzzzz
zzzzzz
zzzzzz
zzzzzz
zzzzzz
zzzzzz
zzzzzz
zzzzzz
zzzzzz
zzzzzz
zzzzzz
zzzzzz
zzzzzz
zzzzzz
zzzzzz
zzzzzz
zzzzzz
zzzzzz
zzzzzz
zzzzzz
zzzzzz
zzzzzz
zzzzzz
zzzzzz
zzzzzz
zzzzzz
zzzzzz
zzzzzz
zzzzzz
zzzzzz
zzzzzz
zzzzzz
zzzzzz
zzzzzz
zzzzzz
zzzzzz
zzzzzz
zzzzzz
zzzzzz
zzzzzz
zzzzzz
zzzzzz
zzzzzz
zzzzzz
zzzzzz
zzzzzz
zzzzzz
zzzzzz
zzzzzz
zzzzzz
zzzzzz
zzzzzz
zzzzzz
zzzzzz
zzzzzz
zzzzzz
zzzzzz
zzzzzz
zzzzzz
zzzzzz
zzzzzz
zzzzzz
zzzzzz
zzzzzz
zzzzzz
zzzzzz
zzzzzz
zzzzzz
zzzzzz
zzzzzz
zzzzzz
zzzzzz
zzzzzz
zzzzzz
zzzzzz
zzzzzz
zzzzzz
zzzzzz
zzzzzz
zzzzzz
zzzzzz
zzzzzz
zzzzzz
zzzzzz
zzzzzz
zzzzzz
zzzzzz
zzzzzz
zzzzzz
zzzzzz
zzzzzz
zzzzzz
zzzzzz
zzzzzz
zzzzzz
zzzzzz
zzzzzz
zzzzzz
zzzzzz
zzzzzz
zzzzzz
zzzzzz
zzzzzz
zzzzzz
zzzzzz
zzzzzz
zzzzzz
zzzzzz
zzzzzz
zzzzzz
zzzzzz
zzzzzz
zzzzzz
zzzzzz
zzzzzz
zzzzzz
zzzzzz
zzzzzz
zzzzzz
zzzzzz
zzzzzz
zzzzzz
zzzzzz
zzzzzz
zzzzzz
zzzzzz
zzzzzz
zzzzzz
zzzzzz
zzzzzz
zzzzzz
zzzzzz
zzzzzz
zzzzzz
zzzzzz
zzzzzz
zzzzzz
zzzzzz
zzzzzz
zzzzzz
zzzzzz
zzzzzz
zzzzzz
zzzzzz
zzzzzz
zzzzzz
zzzzzz
zzzzzz
zzzzzz
zzzzzz
zzzzzz
zzzzzz
zzzzzz
zzzzzz
zzzzzz
zzzzzz
zzzzzz
zzzzzz
zzzzzz
zzzzzz
zzzzzz
zzzzzz
zzzzzz
zzzzzz
zzzzzz
zzzzzz
zzzzzz
zzzzzz
zzzzzz
zzzzzz
zzzzzz
zzzzzz
zzzzzz
zzzzzz
zzzzzz
zzzzzz
zzzzzz
zzzzzz
zzzzzz
zzzzzz
zzzzzz
zzzzzz
zzzzzz
zzzzzz
zzzzzz
zzzzzz
zzzzzz
zzzzzz
zzzzzz
zzzzzz
zzzzzz
zzzzzz
zzzzzz
zzzzzz
zzzzzz
zzzzzz
zzzzzz
zzzzzz
zzzzzz
zzzzzz
zzzzzz
zzzzzz
zzzzzz
zzzzzz
zzzzzz
zzzzzz
zzzzzz
zzzzzz
zzzzzz
zzzzzz
zzzzzz
zzzzzz
zzzzzz
zzzzzz
zzzzzz
zzzzzz
zzzzzz
zzzzzz
zzzzzz
zzzzzz
zzzzzz
zzzzzz
zzzzzz
zzzzzz
zzzzzz
zzzzzz
zzzzzz
zzzzzz
zzzzzz
zzzzzz
zzzzzz
zzzzzz
zzzzzz
zzzzzz
zzzzzz
zzzzzz
zzzzzz
zzzzzz
zzzzzz
zzzzzz
zzzzzz
zzzzzz
zzzzzz
zzzzzz
zzzzzz
zzzzzz
zzzzzz
zzzzzz
zzzzzz
zzzzzz
zzzzzz
zzzzzz
zzzzzz
zzzzzz
zzzzzz
zzzzzz
zzzzzz
zzzzzz
zzzzzz
zzzzzz
zzzzzz
zzzzzz
zzzzzz
zzzzzz
zzzzzz
zzzzzz
zzzzzz
zzzzzz
zzzzzz
zzzzzz
zzzzzz
zzzzzz
zzzzzz
zzzzzz
zzzzzz
zzzzzz
zzzzzz
zzzzzz
zzzzzz
zzzzzz
zzzzzz
zzzzzz
zzzzzz
zzzzzz
zzzzzz
zzzzzz
zzzzzz
zzzzzz
zzzzzz
zzzzzz
zzzzzz
zzzzzz
zzzzzz
zzzzzz
zzzzzz
zzzzzz
zzzzzz
zzzzzz
zzzzzz
zzzzzz
zzzzzz
zzzzzz
zzzzzz
zzzzzz
zzzzzz
zzzzzz
zzzzzz
zzzzzz
zzzzzz
zzzzzz
zzzzzz
zzzzzz
zzzzzz
zzzzzz
zzzzzz
zzzzzz
zzzzzz
zzzzzz
zzzzzz
zzzzzz
zzzzzz
zzzzzz
zzzzzz
zzzzzz
zzzzzz
zzzzzz
zzzzzz
zzzzzz
zzzzzz
zzzzzz
zzzzzz
zzzzzz
zzzzzz
zzzzzz
zzzzzz
zzzzzz
zzzzzz
zzzzzz
zzzzzz
zzzzzz
zzzzzz
zzzzzz
zzzzzz
zzzzzz
zzzzzz
zzzzzz
zzzzzz
zzzzzz
zzzzzz
zzzzzz
zzzzzz
zzzzzz
zzzzzz
zzzzzz
zzzzzz
zzzzzz
zzzzzz
zzzzzz
zzzzzz
zzzzzz
zzzzzz
zzzzzz
zzzzzz
zzzzzz
zzzzzz
zzzzzz
zzzzzz
zzzzzz
zzzzzz
zzzzzz
zzzzzz
zzzzzz
zzzzzz
zzzzzz
zzzzzz
zzzzzz
zzzzzz
zzzzzz
zzzzzz
zzzzzz
zzzzzz
zzzzzz
zzzzzz
zzzzzz
zzzzzz
zzzzzz
zzzzzz
zzzzzz
zzzzzz
zzzzzz
zzzzzz
zzzzzz
zzzzzz
zzzzzz
zzzzzz
zzzzzz
zzzzzz
zzzzzz
zzzzzz
zzzzzz
zzzzzz
zzzzzz
zzzzzz
zzzzzz
zzzzzz
zzzzzz
zzzzzz
zzzzzz
zzzzzz
zzzzzz
zzzzzz
zzzzzz
zzzzzz
zzzzzz
zzzzzz
zzzzzz
zzzzzz
zzzzzz
zzzzzz
zzzzzz
zzzzzz
zzzzzz
zzzzzz
zzzzzz
zzzzzz
zzzzzz
zzzzzz
zzzzzz
zzzzzz
zzzzzz
zzzzzz
zzzzzz
zzzzzz
zzzzzz
zzzzzz
zzzzzz
zzzzzz
zzzzzz
zzzzzz
zzzzzz
zzzzzz
zzzzzz
zzzzzz
zzzzzz
zzzzzz
zzzzzz
zzzzzz
zzzzzz
zzzzzz
zzzzzz
zzzzzz
zzzzzz
zzzzzz
zzzzzz
zzzzzz
zzzzzz
zzzzzz
zzzzzz
zzzzzz
zzzzzz
zzzzzz
zzzzzz
zzzzzz
zzzzzz
zzzzzz
zzzzzz
zzzzzz
zzzzzz
zzzzzz
zzzzzz
zzzzzz
zzzzzz
zzzzzz
zzzzzz
zzzzzz
zzzzzz
zzzzzz
zzzzzz
zzzzzz
zzzzzz
zzzzzz
zzzzzz
zzzzzz
zzzzzz
zzzzzz
zzzzzz
zzzzzz
zzzzzz
zzzzzz
zzzzzz
zzzzzz
zzzzzz
zzzzzz
zzzzzz
zzzzzz
zzzzzz
zzzzzz
zzzzzz
zzzzzz
zzzzzz
zzzzzz
zzzzzz
zzzzzz
zzzzzz
zzzzzz
zzzzzz
zzzzzz
zzzzzz
zzzzzz
zzzzzz
zzzzzz
zzzzzz
zzzzzz
